[metropolitanhost.com/themes/themeforest/html/costic/index.html]
[backblue.gif]
[fade.gif]
[index.html]
[metropolitanhost.com/themes/themeforest/html/costic/favicon.ico]
[metropolitanhost.com/themes/themeforest/html/costic/index-2.html]
[metropolitanhost.com/themes/themeforest/html/costic/pages/product/productcata.html]
[metropolitanhost.com/themes/themeforest/html/costic/pages/product/productgrid.html]
[metropolitanhost.com/themes/themeforest/html/costic/pages/product/addproduct.html]
[metropolitanhost.com/themes/themeforest/html/costic/pages/restaurants.html]
[metropolitanhost.com/themes/themeforest/html/costic/pages/invoice/invoicelist.html]
[metropolitanhost.com/themes/themeforest/html/costic/pages/customer/customersreview.html]
[metropolitanhost.com/themes/themeforest/html/costic/pages/sales.html]
[metropolitanhost.com/themes/themeforest/html/costic/pages/ui-basic/accordions.html]
[metropolitanhost.com/themes/themeforest/html/costic/pages/ui-basic/buttons.html]
[metropolitanhost.com/themes/themeforest/html/costic/pages/ui-basic/badges.html]
[metropolitanhost.com/themes/themeforest/html/costic/pages/ui-basic/progress-bars.html]
[metropolitanhost.com/themes/themeforest/html/costic/pages/ui-basic/preloaders.html]
[metropolitanhost.com/themes/themeforest/html/costic/pages/ui-basic/tabs.html]
[metropolitanhost.com/themes/themeforest/html/costic/pages/ui-advanced/draggables.html]
[metropolitanhost.com/themes/themeforest/html/costic/pages/ui-advanced/sliders.html]
[metropolitanhost.com/themes/themeforest/html/costic/pages/ui-advanced/rating.html]
[metropolitanhost.com/themes/themeforest/html/costic/pages/ui-advanced/tour.html]
[metropolitanhost.com/themes/themeforest/html/costic/pages/ui-advanced/cropper.html]
[metropolitanhost.com/themes/themeforest/html/costic/pages/ui-advanced/range-slider.html]
[metropolitanhost.com/themes/themeforest/html/costic/pages/animation.html]
[metropolitanhost.com/themes/themeforest/html/costic/pages/form/form-layout.html]
[metropolitanhost.com/themes/themeforest/html/costic/pages/form/form-wizard.html]
[metropolitanhost.com/themes/themeforest/html/costic/pages/charts/chartjs.html]
[metropolitanhost.com/themes/themeforest/html/costic/pages/tables/basic-tables.html]
[metropolitanhost.com/themes/themeforest/html/costic/pages/tables/data-tables.html]
[metropolitanhost.com/themes/themeforest/html/costic/pages/popups/sweet-alerts.html]
[metropolitanhost.com/themes/themeforest/html/costic/pages/popups/toast.html]
[metropolitanhost.com/themes/themeforest/html/costic/pages/icons/fontawesome.html]
[metropolitanhost.com/themes/themeforest/html/costic/pages/icons/flaticons.html]
[metropolitanhost.com/themes/themeforest/html/costic/pages/icons/materialize.html]
[metropolitanhost.com/themes/themeforest/html/costic/pages/maps/google-maps.html]
[metropolitanhost.com/themes/themeforest/html/costic/pages/maps/vector-maps.html]
[metropolitanhost.com/themes/themeforest/html/costic/pages/dashboard/web-analytics.html]
[metropolitanhost.com/themes/themeforest/html/costic/pages/dashboard/project-management.html]
[metropolitanhost.com/themes/themeforest/html/costic/pages/prebuilt-pages/default-login.html]
[metropolitanhost.com/themes/themeforest/html/costic/pages/prebuilt-pages/modal-login.html]
[metropolitanhost.com/themes/themeforest/html/costic/pages/prebuilt-pages/default-register.html]
[metropolitanhost.com/themes/themeforest/html/costic/pages/prebuilt-pages/modal-register.html]
[metropolitanhost.com/themes/themeforest/html/costic/pages/prebuilt-pages/lock-screen.html]
[metropolitanhost.com/themes/themeforest/html/costic/pages/prebuilt-pages/coming-soon.html]
[metropolitanhost.com/themes/themeforest/html/costic/pages/prebuilt-pages/error.html]
[metropolitanhost.com/themes/themeforest/html/costic/pages/prebuilt-pages/faq.html]
[metropolitanhost.com/themes/themeforest/html/costic/pages/prebuilt-pages/portfolio.html]
[metropolitanhost.com/themes/themeforest/html/costic/pages/prebuilt-pages/user-profile.html]
[metropolitanhost.com/themes/themeforest/html/costic/pages/prebuilt-pages/invoice.html]
[metropolitanhost.com/themes/themeforest/html/costic/pages/apps/chat.html]
[metropolitanhost.com/themes/themeforest/html/costic/pages/apps/to-do-list.html]
[metropolitanhost.com/themes/themeforest/html/costic/assets/img/costic/costic-logo-84x41.png]
[metropolitanhost.com/themes/themeforest/html/costic/assets/img/costic/customer-3.jpg]
[metropolitanhost.com/themes/themeforest/html/costic/assets/img/costic/customer-2.jpg]
[metropolitanhost.com/themes/themeforest/html/costic/assets/img/costic/customer-1.jpg]
[metropolitanhost.com/themes/themeforest/html/costic/assets/img/costic/customer-6.jpg]
[metropolitanhost.com/themes/themeforest/html/costic/assets/img/costic/pizza.jpg]
[metropolitanhost.com/themes/themeforest/html/costic/assets/img/costic/french-fries.jpg]
[metropolitanhost.com/themes/themeforest/html/costic/assets/img/costic/cereals.jpg]
[metropolitanhost.com/themes/themeforest/html/costic/assets/img/costic/egg-sandwich.jpg]
[metropolitanhost.com/themes/themeforest/html/costic/assets/img/costic/food-5.jpg]
[metropolitanhost.com/themes/themeforest/html/costic/assets/img/costic/food-2.jpg]
[metropolitanhost.com/themes/themeforest/html/costic/assets/img/costic/food-4.jpg]
[metropolitanhost.com/themes/themeforest/html/costic/assets/img/costic/food-3.jpg]
[metropolitanhost.com/themes/themeforest/html/costic/assets/img/costic/food-1.jpg]
[metropolitanhost.com/themes/themeforest/html/costic/assets/img/costic/customer-4.jpg]
[metropolitanhost.com/themes/themeforest/html/costic/assets/img/costic/customer-7.jpg]
[metropolitanhost.com/themes/themeforest/html/costic/assets/img/people/people-3.jpg]
[metropolitanhost.com/themes/themeforest/html/costic/assets/img/people/people-5.jpg]
[metropolitanhost.com/themes/themeforest/html/costic/assets/img/people/people-10.jpg]
[metropolitanhost.com/themes/themeforest/html/costic/assets/img/people/people-9.jpg]
[metropolitanhost.com/themes/themeforest/html/costic/assets/js/jquery-3.5.0.min.js]
[metropolitanhost.com/themes/themeforest/html/costic/assets/js/bootstrap.min.js]
[metropolitanhost.com/themes/themeforest/html/costic/assets/js/perfect-scrollbar.js]
[metropolitanhost.com/themes/themeforest/html/costic/assets/js/jquery-ui.min.js]
[metropolitanhost.com/themes/themeforest/html/costic/assets/js/Chart.bundle.min.js]
[metropolitanhost.com/themes/themeforest/html/costic/assets/js/widgets.js]
[metropolitanhost.com/themes/themeforest/html/costic/assets/js/clients.js]
[metropolitanhost.com/themes/themeforest/html/costic/assets/js/Chart.Financial.js]
[metropolitanhost.com/themes/themeforest/html/costic/assets/js/d3.v3.min.js]
[metropolitanhost.com/themes/themeforest/html/costic/assets/js/topojson.v1.min.js]
[metropolitanhost.com/themes/themeforest/html/costic/assets/js/datatables.min.js]
[metropolitanhost.com/themes/themeforest/html/costic/assets/js/data-tables.js]
[metropolitanhost.com/themes/themeforest/html/costic/assets/js/framework.js]
[metropolitanhost.com/themes/themeforest/html/costic/assets/js/settings.js]
[metropolitanhost.com/themes/themeforest/html/costic/index.html]
[metropolitanhost.com/themes/themeforest/html/costic/vendors/iconic-fonts/font-awesome/webfonts/fa-brands-400.eot]
[metropolitanhost.com/themes/themeforest/html/costic/vendors/iconic-fonts/font-awesome/webfonts/fa-brands-400.woff2]
[metropolitanhost.com/themes/themeforest/html/costic/vendors/iconic-fonts/font-awesome/webfonts/fa-brands-400d41d.eot]
[metropolitanhost.com/themes/themeforest/html/costic/vendors/iconic-fonts/font-awesome/webfonts/fa-brands-400.woff]
[metropolitanhost.com/themes/themeforest/html/costic/vendors/iconic-fonts/font-awesome/webfonts/fa-brands-400.ttf]
[metropolitanhost.com/themes/themeforest/html/costic/vendors/iconic-fonts/font-awesome/webfonts/fa-regular-400.eot]
[metropolitanhost.com/themes/themeforest/html/costic/vendors/iconic-fonts/font-awesome/webfonts/fa-regular-400d41d.eot]
[metropolitanhost.com/themes/themeforest/html/costic/vendors/iconic-fonts/font-awesome/webfonts/fa-regular-400.woff2]
[metropolitanhost.com/themes/themeforest/html/costic/vendors/iconic-fonts/font-awesome/webfonts/fa-regular-400.woff]
[metropolitanhost.com/themes/themeforest/html/costic/vendors/iconic-fonts/font-awesome/webfonts/fa-regular-400.ttf]
[metropolitanhost.com/themes/themeforest/html/costic/vendors/iconic-fonts/font-awesome/webfonts/fa-solid-900.eot]
[metropolitanhost.com/themes/themeforest/html/costic/vendors/iconic-fonts/font-awesome/webfonts/fa-solid-900d41d.eot]
[metropolitanhost.com/themes/themeforest/html/costic/vendors/iconic-fonts/font-awesome/webfonts/fa-solid-900.woff2]
[metropolitanhost.com/themes/themeforest/html/costic/vendors/iconic-fonts/font-awesome/webfonts/fa-solid-900.woff]
[metropolitanhost.com/themes/themeforest/html/costic/vendors/iconic-fonts/font-awesome/webfonts/fa-solid-900.ttf]
[metropolitanhost.com/themes/themeforest/html/costic/vendors/iconic-fonts/font-awesome/css/all.min.css]
[metropolitanhost.com/themes/themeforest/html/costic/vendors/iconic-fonts/cryptocoins/cryptocoins.woff2]
[metropolitanhost.com/themes/themeforest/html/costic/vendors/iconic-fonts/cryptocoins/cryptocoins.woff]
[metropolitanhost.com/themes/themeforest/html/costic/vendors/iconic-fonts/cryptocoins/cryptocoins.ttf]
[metropolitanhost.com/themes/themeforest/html/costic/vendors/iconic-fonts/cryptocoins/cryptocoins.css]
[metropolitanhost.com/themes/themeforest/html/costic/vendors/iconic-fonts/cryptocoins/cryptocoins-colors.css]
[metropolitanhost.com/themes/themeforest/html/costic/assets/css/bootstrap.min.css]
[metropolitanhost.com/themes/themeforest/html/costic/assets/img/others/ui-icons_444444_256x240.85.delayed]
[metropolitanhost.com/themes/themeforest/html/costic/assets/img/others/ui-icons_555555_256x240.png]
[metropolitanhost.com/themes/themeforest/html/costic/assets/img/others/ui-icons_ffffff_256x240.png]
[metropolitanhost.com/themes/themeforest/html/costic/assets/img/others/ui-icons_777620_256x240.png]
[metropolitanhost.com/themes/themeforest/html/costic/assets/img/others/ui-icons_cc0000_256x240.png]
[metropolitanhost.com/themes/themeforest/html/costic/assets/img/others/ui-icons_777777_256x240.8f.delayed]
[metropolitanhost.com/themes/themeforest/html/costic/assets/css/jquery-ui.min.css]
[metropolitanhost.com/themes/themeforest/html/costic/assets/css/slick.css]
[metropolitanhost.com/themes/themeforest/html/costic/assets/css/datatables.min.css]
[metropolitanhost.com/themes/themeforest/html/costic/assets/fonts/Roboto-Regular.ttf]
[metropolitanhost.com/themes/themeforest/html/costic/assets/fonts/Roboto-Medium.ttf]
[metropolitanhost.com/themes/themeforest/html/costic/assets/fonts/Roboto-Bold.ttf]
[metropolitanhost.com/themes/themeforest/html/costic/assets/img/costic/default-login.jpg]
[metropolitanhost.com/themes/themeforest/html/costic/assets/img/costic/lock-screen.jpg]
[metropolitanhost.com/themes/themeforest/html/costic/assets/img/costic/coming-soon.jpg]
[metropolitanhost.com/themes/themeforest/html/costic/assets/img/costic/banner-1000x370.jpg]
[metropolitanhost.com/themes/themeforest/html/costic/assets/img/others/banner.98.delayed]
[metropolitanhost.com/themes/themeforest/html/costic/assets/img/others/features-bg.9a.delayed]
[metropolitanhost.com/themes/themeforest/html/costic/assets/css/style.css]
[metropolitanhost.com/themes/themeforest/html/costic/index-2.html]
[metropolitanhost.com/themes/themeforest/html/costic/assets/img/costic/costic-logo-216x62.png]
[metropolitanhost.com/themes/themeforest/html/costic/pages/customer/customerlist.html]
[metropolitanhost.com/themes/themeforest/html/costic/assets/js/slick.min.js]
[metropolitanhost.com/themes/themeforest/html/costic/assets/js/moment.js]
[metropolitanhost.com/themes/themeforest/html/costic/assets/js/jquery.webticker.min.js]
[metropolitanhost.com/themes/themeforest/html/costic/pages/product/productcata.html]
[metropolitanhost.com/themes/themeforest/html/costic/pages/product/productlist.html]
[metropolitanhost.com/themes/themeforest/html/costic/assets/img/costic/food-8.jpg]
[metropolitanhost.com/themes/themeforest/html/costic/pages/product/productgrid.html]
[metropolitanhost.com/themes/themeforest/html/costic/assets/img/costic/add-product-1.jpg]
[metropolitanhost.com/themes/themeforest/html/costic/assets/img/costic/add-product-2.jpg]
[metropolitanhost.com/themes/themeforest/html/costic/assets/img/costic/add-product-3.jpg]
[metropolitanhost.com/themes/themeforest/html/costic/pages/product/addproduct.html]
[metropolitanhost.com/themes/themeforest/html/costic/pages/product/productdetail.html]
[metropolitanhost.com/themes/themeforest/html/costic/pages/a.a6.delayed]
[metropolitanhost.com/themes/themeforest/html/costic/assets/js/Resturant.js]
[metropolitanhost.com/themes/themeforest/html/costic/pages/restaurants.html]
[metropolitanhost.com/themes/themeforest/html/costic/pages/invoice/invoicedetail.html]
[metropolitanhost.com/themes/themeforest/html/costic/pages/invoice/a.a9.delayed]
[metropolitanhost.com/themes/themeforest/html/costic/pages/invoice/invoicelist.html]
[metropolitanhost.com/themes/themeforest/html/costic/assets/img/costic/customer-5.jpg]
[metropolitanhost.com/themes/themeforest/html/costic/pages/customer/customersreview.html]
[metropolitanhost.com/themes/themeforest/html/costic/pages/sales.html]
[metropolitanhost.com/themes/themeforest/html/costic/pages/widgets.html]
[metropolitanhost.com/themes/themeforest/html/costic/pages/ui-basic/accordions.html]
[metropolitanhost.com/themes/themeforest/html/costic/pages/customer/social.html]
[metropolitanhost.com/themes/themeforest/html/costic/pages/ui-basic/buttons.html]
[metropolitanhost.com/themes/themeforest/html/costic/pages/ui-basic/badges.html]
[metropolitanhost.com/themes/themeforest/html/costic/pages/ui-basic/progress-bars.html]
[metropolitanhost.com/themes/themeforest/html/costic/pages/ui-basic/preloaders.html]
[metropolitanhost.com/themes/themeforest/html/costic/pages/ui-basic/cards.html]
[metropolitanhost.com/themes/themeforest/html/costic/pages/ui-basic/tabs.html]
[metropolitanhost.com/themes/themeforest/html/costic/pages/ui-basic/pagination.html]
[metropolitanhost.com/themes/themeforest/html/costic/pages/ui-advanced/draggables.html]
[metropolitanhost.com/themes/themeforest/html/costic/assets/img/costic/banner-2.jpg]
[metropolitanhost.com/themes/themeforest/html/costic/assets/img/costic/banner-3.jpg]
[metropolitanhost.com/themes/themeforest/html/costic/assets/img/costic/banner-4.jpg]
[metropolitanhost.com/themes/themeforest/html/costic/assets/img/costic/add-product-4.jpg]
[metropolitanhost.com/themes/themeforest/html/costic/pages/ui-advanced/sliders.html]
[metropolitanhost.com/themes/themeforest/html/costic/pages/ui-advanced/modals.html]
[metropolitanhost.com/themes/themeforest/html/costic/pages/ui-advanced/rating.html]
[metropolitanhost.com/themes/themeforest/html/costic/assets/js/driver.min.js]
[metropolitanhost.com/themes/themeforest/html/costic/assets/js/tour.js]
[metropolitanhost.com/themes/themeforest/html/costic/pages/ui-advanced/tour.html]
[metropolitanhost.com/themes/themeforest/html/costic/pages/ui-advanced/customersreview.b5.delayed]
[metropolitanhost.com/themes/themeforest/html/costic/pages/ui-advanced/customerlist.b7.delayed]
[metropolitanhost.com/themes/themeforest/html/costic/pages/ui-advanced/social.html]
[metropolitanhost.com/themes/themeforest/html/costic/assets/img/costic/cropper.jpg]
[metropolitanhost.com/themes/themeforest/html/costic/assets/js/cropper.min.js]
[metropolitanhost.com/themes/themeforest/html/costic/assets/js/crop.js]
[metropolitanhost.com/themes/themeforest/html/costic/pages/ui-advanced/cropper.html]
[metropolitanhost.com/themes/themeforest/html/costic/assets/js/ion.rangeSlider.min.js]
[metropolitanhost.com/themes/themeforest/html/costic/assets/js/range-slider.js]
[metropolitanhost.com/themes/themeforest/html/costic/pages/ui-advanced/range-slider.html]
[metropolitanhost.com/themes/themeforest/html/costic/assets/js/animate.js]
[metropolitanhost.com/themes/themeforest/html/costic/pages/animation.html]
[metropolitanhost.com/themes/themeforest/html/costic/pages/form/form-elements.html]
[metropolitanhost.com/themes/themeforest/html/costic/assets/img/payment/payment-payoneer.png]
[metropolitanhost.com/themes/themeforest/html/costic/assets/img/payment/payment-paypal.png]
[metropolitanhost.com/themes/themeforest/html/costic/assets/img/payment/payment-master.png]
[metropolitanhost.com/themes/themeforest/html/costic/pages/form/form-layout.html]
[metropolitanhost.com/themes/themeforest/html/costic/pages/form/form-validation.html]
[metropolitanhost.com/themes/themeforest/html/costic/assets/js/jquery.steps.min.js]
[metropolitanhost.com/themes/themeforest/html/costic/pages/form/form-wizard.html]
[metropolitanhost.com/themes/themeforest/html/costic/assets/js/charts.js]
[metropolitanhost.com/themes/themeforest/html/costic/pages/charts/chartjs.html]
[metropolitanhost.com/themes/themeforest/html/costic/pages/tables/basic-tables.html]
[metropolitanhost.com/themes/themeforest/html/costic/pages/tables/data-tables.html]
[metropolitanhost.com/themes/themeforest/html/costic/pages/charts/morris-charts.html]
[metropolitanhost.com/themes/themeforest/html/costic/assets/js/promise.min.js]
[metropolitanhost.com/themes/themeforest/html/costic/assets/js/sweetalert2.min.js]
[metropolitanhost.com/themes/themeforest/html/costic/assets/js/sweet-alerts.js]
[metropolitanhost.com/themes/themeforest/html/costic/pages/popups/sweet-alerts.html]
[metropolitanhost.com/themes/themeforest/html/costic/assets/js/toastr.min.js]
[metropolitanhost.com/themes/themeforest/html/costic/assets/js/toast.js]
[metropolitanhost.com/themes/themeforest/html/costic/pages/popups/toast.html]
[metropolitanhost.com/themes/themeforest/html/costic/pages/icons/fontawesome.html]
[metropolitanhost.com/themes/themeforest/html/costic/pages/icons/flaticons.html]
[metropolitanhost.com/themes/themeforest/html/costic/pages/icons/materialize.html]
[metropolitanhost.com/themes/themeforest/html/costic/assets/js/google-maps.js]
[metropolitanhost.com/themes/themeforest/html/costic/pages/maps/google-maps.html]
[metropolitanhost.com/themes/themeforest/html/costic/assets/js/datamaps.all.min.js]
[metropolitanhost.com/themes/themeforest/html/costic/assets/js/vector-maps.js]
[metropolitanhost.com/themes/themeforest/html/costic/pages/maps/vector-maps.html]
[metropolitanhost.com/themes/themeforest/html/costic/assets/img/costic/country-1.jpg]
[metropolitanhost.com/themes/themeforest/html/costic/assets/img/costic/country-2.jpg]
[metropolitanhost.com/themes/themeforest/html/costic/assets/img/costic/country-3.jpg]
[metropolitanhost.com/themes/themeforest/html/costic/assets/img/costic/country-4.jpg]
[metropolitanhost.com/themes/themeforest/html/costic/assets/js/web-analytics.js]
[metropolitanhost.com/themes/themeforest/html/costic/pages/dashboard/web-analytics.html]
[metropolitanhost.com/themes/themeforest/html/costic/assets/js/project-management.js]
[metropolitanhost.com/themes/themeforest/html/costic/pages/dashboard/project-management.html]
[metropolitanhost.com/themes/themeforest/html/costic/pages/prebuilt-pages/default-login.html]
[metropolitanhost.com/themes/themeforest/html/costic/pages/dashboard/client-management.html]
[metropolitanhost.com/themes/themeforest/html/costic/pages/prebuilt-pages/modal-login.html]
[metropolitanhost.com/themes/themeforest/html/costic/pages/prebuilt-pages/default-register.html]
[metropolitanhost.com/themes/themeforest/html/costic/pages/prebuilt-pages/modal-register.html]
[metropolitanhost.com/themes/themeforest/html/costic/pages/prebuilt-pages/lock-screen.html]
[metropolitanhost.com/themes/themeforest/html/costic/assets/js/jquery.countdown.min.js]
[metropolitanhost.com/themes/themeforest/html/costic/assets/js/coming-soon.js]
[metropolitanhost.com/themes/themeforest/html/costic/pages/prebuilt-pages/coming-soon.html]
[metropolitanhost.com/themes/themeforest/html/costic/pages/prebuilt-pages/error.html]
[metropolitanhost.com/themes/themeforest/html/costic/pages/prebuilt-pages/faq.html]
[metropolitanhost.com/themes/themeforest/html/costic/assets/img/costic/portfolio-6.jpg]
[metropolitanhost.com/themes/themeforest/html/costic/assets/img/costic/portfolio-1.jpg]
[metropolitanhost.com/themes/themeforest/html/costic/assets/img/costic/portfolio-2.jpg]
[metropolitanhost.com/themes/themeforest/html/costic/assets/img/costic/portfolio-5.jpg]
[metropolitanhost.com/themes/themeforest/html/costic/assets/img/costic/portfolio-4.jpg]
[metropolitanhost.com/themes/themeforest/html/costic/assets/img/costic/portfolio-3.jpg]
[metropolitanhost.com/themes/themeforest/html/costic/pages/prebuilt-pages/portfolio.html]
[metropolitanhost.com/themes/themeforest/html/costic/pages/prebuilt-pages/user-profile.html]
[metropolitanhost.com/themes/themeforest/html/costic/pages/prebuilt-pages/invoice.html]
[metropolitanhost.com/themes/themeforest/html/costic/assets/img/costic/customer-8.jpg]
[metropolitanhost.com/themes/themeforest/html/costic/assets/img/costic/customer-9.jpg]
[metropolitanhost.com/themes/themeforest/html/costic/assets/img/costic/customer-10.jpg]
[metropolitanhost.com/themes/themeforest/html/costic/pages/apps/chat.html]
[metropolitanhost.com/themes/themeforest/html/costic/pages/apps/email.html]
[metropolitanhost.com/themes/themeforest/html/costic/pages/apps/to-do-list.html]
[metropolitanhost.com/themes/themeforest/html/costic/assets/img/people/people-7.jpg]
[metropolitanhost.com/themes/themeforest/html/costic/vendors/iconic-fonts/font-awesome/webfonts/fa-brands-400.svg]
[metropolitanhost.com/themes/themeforest/html/costic/vendors/iconic-fonts/font-awesome/webfonts/fa-regular-400.svg]
[metropolitanhost.com/themes/themeforest/html/costic/assets/js/popper.min.js]
[metropolitanhost.com/themes/themeforest/html/costic/vendors/iconic-fonts/font-awesome/webfonts/fa-solid-900.svg]
[metropolitanhost.com/themes/themeforest/html/costic/vendors/iconic-fonts/flat-icons/Flaticon.eot]
[metropolitanhost.com/themes/themeforest/html/costic/vendors/iconic-fonts/flat-icons/Flaticon.woff2]
[metropolitanhost.com/themes/themeforest/html/costic/vendors/iconic-fonts/flat-icons/Flaticond41d.eot]
[metropolitanhost.com/themes/themeforest/html/costic/vendors/iconic-fonts/flat-icons/Flaticon.woff]
[metropolitanhost.com/themes/themeforest/html/costic/vendors/iconic-fonts/flat-icons/Flaticon.ttf]
[metropolitanhost.com/themes/themeforest/html/costic/vendors/iconic-fonts/flat-icons/flaticon.css]
[metropolitanhost.com/themes/themeforest/html/costic/assets/img/others/ui-icons_444444_256x240.html]
[metropolitanhost.com/themes/themeforest/html/costic/assets/img/others/ui-icons_555555_256x240.html]
[metropolitanhost.com/themes/themeforest/html/costic/assets/img/others/ui-icons_ffffff_256x240.html]
[metropolitanhost.com/themes/themeforest/html/costic/assets/img/others/ui-icons_777620_256x240.html]
[metropolitanhost.com/themes/themeforest/html/costic/assets/img/others/ui-icons_cc0000_256x240.html]
[metropolitanhost.com/themes/themeforest/html/costic/assets/img/others/ui-icons_777777_256x240.html]
[metropolitanhost.com/themes/themeforest/html/costic/assets/img/costic/lock-screen.jpg]
[metropolitanhost.com/themes/themeforest/html/costic/assets/img/others/banner.html]
[metropolitanhost.com/themes/themeforest/html/costic/assets/img/others/features-bg.html]
[metropolitanhost.com/themes/themeforest/html/costic/pages/customer/customerlist.html]
[metropolitanhost.com/themes/themeforest/html/costic/assets/img/costic/food-6.jpg]
[metropolitanhost.com/themes/themeforest/html/costic/pages/product/productlist.html]
[metropolitanhost.com/themes/themeforest/html/costic/assets/img/costic/food-7.jpg]
[metropolitanhost.com/themes/themeforest/html/costic/assets/img/costic/add-product-1.jpg]
[metropolitanhost.com/themes/themeforest/html/costic/pages/product/productdetail.html]
[metropolitanhost.com/themes/themeforest/html/costic/assets/img/costic/add-product-3.jpg]
[metropolitanhost.com/themes/themeforest/html/costic/pages/orders.html]
[metropolitanhost.com/themes/themeforest/html/costic/pages/a.html]
[metropolitanhost.com/themes/themeforest/html/costic/pages/invoice/invoicedetail.html]
[metropolitanhost.com/themes/themeforest/html/costic/pages/invoice/a.html]
[metropolitanhost.com/themes/themeforest/html/costic/assets/js/social.js]
[metropolitanhost.com/themes/themeforest/html/costic/pages/customer/social.html]
[metropolitanhost.com/themes/themeforest/html/costic/pages/widgets.html]
[metropolitanhost.com/themes/themeforest/html/costic/pages/ui-basic/cards.html]
[metropolitanhost.com/themes/themeforest/html/costic/pages/ui-basic/pagination.html]
[metropolitanhost.com/themes/themeforest/html/costic/pages/ui-basic/alerts.html]
[metropolitanhost.com/themes/themeforest/html/costic/pages/ui-advanced/modals.html]
[metropolitanhost.com/themes/themeforest/html/costic/assets/css/driver.min.css]
[metropolitanhost.com/themes/themeforest/html/costic/assets/css/cropper.min.css]
[metropolitanhost.com/themes/themeforest/html/costic/pages/ui-advanced/customersreview.html]
[metropolitanhost.com/themes/themeforest/html/costic/pages/ui-advanced/customerlist.html]
[metropolitanhost.com/themes/themeforest/html/costic/pages/ui-advanced/social.html]
[metropolitanhost.com/themes/themeforest/html/costic/assets/css/ion.rangeSlider.min.css]
[metropolitanhost.com/themes/themeforest/html/costic/pages/ui-basic/breadcrumbs.html]
[metropolitanhost.com/themes/themeforest/html/costic/assets/css/animate.min.css]
[metropolitanhost.com/themes/themeforest/html/costic/pages/ui-basic/typography.html]
[metropolitanhost.com/themes/themeforest/html/costic/assets/img/costic/banner-1.jpg]
[metropolitanhost.com/themes/themeforest/html/costic/pages/form/form-elements.html]
[metropolitanhost.com/themes/themeforest/html/costic/pages/form/form-validation.html]
[metropolitanhost.com/themes/themeforest/html/costic/assets/img/payment/payment-visa.png]
[metropolitanhost.com/themes/themeforest/html/costic/assets/js/form-wizard.js]
[metropolitanhost.com/themes/themeforest/html/costic/assets/js/raphael.min.js]
[metropolitanhost.com/themes/themeforest/html/costic/assets/js/morris.min.js]
[metropolitanhost.com/themes/themeforest/html/costic/assets/js/morris-charts.js]
[metropolitanhost.com/themes/themeforest/html/costic/pages/charts/morris-charts.html]
[metropolitanhost.com/themes/themeforest/html/costic/assets/css/sweetalert2.min.css]
[metropolitanhost.com/themes/themeforest/html/costic/assets/css/toastr.min.css]
[metropolitanhost.com/themes/themeforest/html/costic/assets/img/costic/country-5.jpg]
[metropolitanhost.com/themes/themeforest/html/costic/assets/js/client-managemenet.js]
[metropolitanhost.com/themes/themeforest/html/costic/pages/dashboard/client-management.html]
[metropolitanhost.com/themes/themeforest/html/costic/pages/apps/email.html]
[metropolitanhost.com/themes/themeforest/html/costic/pages/orders.html]
[metropolitanhost.com/themes/themeforest/html/costic/pages/ui-basic/alerts.html]
[metropolitanhost.com/themes/themeforest/html/costic/pages/ui-basic/breadcrumbs.html]
[metropolitanhost.com/themes/themeforest/html/costic/pages/ui-basic/typography.html]
[metropolitanhost.com/themes/themeforest/html/costic/vendors/iconic-fonts/flat-icons/Flaticon.svg]
[metropolitanhost.com/themes/themeforest/html/costic/assets/css/morris.css]
